../USBPD/usbpd_dpm_user.c:150:21:USBPD_DPM_UserInit	4	static
../USBPD/usbpd_dpm_user.c:162:6:USBPD_DPM_WaitForTime	16	static
../USBPD/usbpd_dpm_user.c:175:6:USBPD_DPM_UserExecute	16	static
../USBPD/usbpd_dpm_user.c:189:6:USBPD_DPM_UserCableDetection	16	static
../USBPD/usbpd_dpm_user.c:201:6:USBPD_DPM_UserTimerCounter	16	static
../USBPD/usbpd_dpm_user.c:222:6:USBPD_DPM_Notification	16	static
../USBPD/usbpd_dpm_user.c:274:6:USBPD_DPM_HardReset	16	static
../USBPD/usbpd_dpm_user.c:289:6:USBPD_DPM_GetDataInfo	24	static
../USBPD/usbpd_dpm_user.c:326:6:USBPD_DPM_SetDataInfo	24	static
../USBPD/usbpd_dpm_user.c:369:6:USBPD_DPM_SNK_EvaluateCapabilities	24	static
../USBPD/usbpd_dpm_user.c:381:21:USBPD_DPM_EvaluateVconnSwap	24	static
../USBPD/usbpd_dpm_user.c:400:21:USBPD_DPM_PE_VconnPwr	16	static
../USBPD/usbpd_dpm_user.c:418:6:USBPD_DPM_ExtendedMessageReceived	16	static
../USBPD/usbpd_dpm_user.c:430:6:USBPD_DPM_EnterErrorRecovery	16	static
../USBPD/usbpd_dpm_user.c:447:21:USBPD_DPM_EvaluateDataRoleSwap	24	static
../USBPD/usbpd_dpm_user.c:477:23:USBPD_DPM_IsPowerReady	16	static
../USBPD/usbpd_dpm_user.c:497:21:USBPD_DPM_RequestHardReset	24	static
../USBPD/usbpd_dpm_user.c:511:21:USBPD_DPM_RequestCableReset	24	static
../USBPD/usbpd_dpm_user.c:523:21:USBPD_DPM_RequestGotoMin	24	static
../USBPD/usbpd_dpm_user.c:537:21:USBPD_DPM_RequestPing	24	static
../USBPD/usbpd_dpm_user.c:551:21:USBPD_DPM_RequestMessageRequest	24	static
../USBPD/usbpd_dpm_user.c:568:21:USBPD_DPM_RequestGetSourceCapability	24	static
../USBPD/usbpd_dpm_user.c:580:21:USBPD_DPM_RequestGetSinkCapability	24	static
../USBPD/usbpd_dpm_user.c:592:21:USBPD_DPM_RequestDataRoleSwap	24	static
../USBPD/usbpd_dpm_user.c:604:21:USBPD_DPM_RequestPowerRoleSwap	16	static
../USBPD/usbpd_dpm_user.c:615:21:USBPD_DPM_RequestVconnSwap	24	static
../USBPD/usbpd_dpm_user.c:628:21:USBPD_DPM_RequestSoftReset	24	static
../USBPD/usbpd_dpm_user.c:640:21:USBPD_DPM_RequestSourceCapability	24	static
../USBPD/usbpd_dpm_user.c:654:21:USBPD_DPM_RequestVDM_DiscoveryIdentify	24	static
../USBPD/usbpd_dpm_user.c:673:21:USBPD_DPM_RequestVDM_DiscoverySVID	24	static
../USBPD/usbpd_dpm_user.c:687:21:USBPD_DPM_RequestVDM_DiscoveryMode	24	static
../USBPD/usbpd_dpm_user.c:702:21:USBPD_DPM_RequestVDM_EnterMode	32	static
../USBPD/usbpd_dpm_user.c:717:21:USBPD_DPM_RequestVDM_ExitMode	32	static
../USBPD/usbpd_dpm_user.c:732:21:USBPD_DPM_RequestDisplayPortStatus	24	static
../USBPD/usbpd_dpm_user.c:750:21:USBPD_DPM_RequestDisplayPortConfig	24	static
../USBPD/usbpd_dpm_user.c:768:21:USBPD_DPM_RequestAttention	24	static
../USBPD/usbpd_dpm_user.c:781:21:USBPD_DPM_RequestAlert	24	static
../USBPD/usbpd_dpm_user.c:793:21:USBPD_DPM_RequestGetSourceCapabilityExt	24	static
../USBPD/usbpd_dpm_user.c:805:21:USBPD_DPM_RequestGetSinkCapabilityExt	24	static
../USBPD/usbpd_dpm_user.c:819:21:USBPD_DPM_RequestGetManufacturerInfo	32	static
../USBPD/usbpd_dpm_user.c:835:21:USBPD_DPM_RequestGetPPS_Status	24	static
../USBPD/usbpd_dpm_user.c:847:21:USBPD_DPM_RequestGetStatus	24	static
../USBPD/usbpd_dpm_user.c:859:21:USBPD_DPM_RequestFastRoleSwap	24	static
../USBPD/usbpd_dpm_user.c:871:21:USBPD_DPM_RequestGetCountryCodes	24	static
../USBPD/usbpd_dpm_user.c:884:21:USBPD_DPM_RequestGetCountryInfo	24	static
../USBPD/usbpd_dpm_user.c:897:21:USBPD_DPM_RequestGetBatteryCapability	32	static
../USBPD/usbpd_dpm_user.c:910:21:USBPD_DPM_RequestGetBatteryStatus	32	static
../USBPD/usbpd_dpm_user.c:922:21:USBPD_DPM_RequestSecurityRequest	24	static
